Microchip MPLAB XC8 Compiler V2.35

Linker command line:

-W-3 --edf=C:\Program Files\Microchip\xc8\v2.35\pic\dat\en_msgs.txt -cn \
  -h+dist/default/production\P44_LCD.X.production.sym \
  --cmf=dist/default/production\P44_LCD.X.production.cmf -z -Q16F1827 \
  -oC:\Users\LUCA~1.CAM\AppData\Local\Temp\xcAshv0.4 \
  --defsym=__MPLAB_BUILD=1 \
  -Mdist/default/production/P44_LCD.X.production.map \
  --md=C:\Users\LUCA~1.CAM\AppData\Local\Temp\xcAshv0.dat -E1 \
  -ver=XC8 Compiler --acfsm=1493 -ACODE=00h-07FFhx2 -ASTRCODE=00h-0FFFh \
  -ASTRING=00h-0FFhx16 -ACONST=00h-0FFhx16 -AENTRY=00h-0FFhx16 \
  -ACOMMON=070h-07Fh -ABANK0=020h-06Fh -ABANK1=0A0h-0EFh \
  -ABANK2=0120h-016Fh -ABANK3=01A0h-01EFh -ABANK4=0220h-024Fh \
  -ABIGRAM=02000h-0216Fh \
  -ARAM=020h-06Fh,0A0h-0EFh,0120h-016Fh,01A0h-01EFh,0220h-024Fh \
  -AABS1=020h-07Fh,0A0h-0EFh,0120h-016Fh,01A0h-01EFh,0220h-024Fh \
  -ASFR0=00h-01Fh -ASFR1=080h-09Fh -ASFR2=0100h-011Fh -ASFR3=0180h-019Fh \
  -ASFR4=0200h-021Fh -ASFR5=0280h-02EFh -ASFR6=0300h-036Fh \
  -ASFR7=0380h-03EFh -ASFR8=0400h-046Fh -ASFR9=0480h-04EFh \
  -ASFR10=0500h-056Fh -ASFR11=0580h-05EFh -ASFR12=0600h-066Fh \
  -ASFR13=0680h-06EFh -ASFR14=0700h-076Fh -ASFR15=0780h-07EFh \
  -ASFR16=0800h-086Fh -ASFR17=0880h-08EFh -ASFR18=0900h-096Fh \
  -ASFR19=0980h-09EFh -ASFR20=0A00h-0A6Fh -ASFR21=0A80h-0AEFh \
  -ASFR22=0B00h-0B6Fh -ASFR23=0B80h-0BEFh -ASFR24=0C00h-0C6Fh \
  -ASFR25=0C80h-0CEFh -ASFR26=0D00h-0D6Fh -ASFR27=0D80h-0DEFh \
  -ASFR28=0E00h-0E6Fh -ASFR29=0E80h-0EEFh -ASFR30=0F00h-0F6Fh \
  -ASFR31=0F80h-0FEFh -ACONFIG=08007h-08008h -DCONFIG=2 \
  -AIDLOC=08000h-08003h -DIDLOC=2 -AEEDATA=00h-0FFh/0F000h \
  -peeprom_data=EEDATA -DEEDATA=2 -DCODE=2 -DSTRCODE=2 -DSTRING=2 -DCONST=2 \
  -DENTRY=2 -preset_vec=00h,intentry,init,end_init -ppowerup=CODE \
  -pcinit=CODE -pfunctab=ENTRY -k \
  C:\Users\LUCA~1.CAM\AppData\Local\Temp\xcAshv0.o \
  dist/default/production\P44_LCD.X.production.o 

Object code version is 3.11

Machine type is 16F1827



                Name                               Link     Load   Length Selector   Space Scale
C:\Users\LUCA~1.CAM\AppData\Local\Temp\xcAshv0.o
                end_init                              2        2        2        0       0
                reset_vec                             0        0        2        0       0
                config                             8007     8007        2        0       4
                idloc                              8000     8000        4        0       5
dist/default/production\P44_LCD.X.production.o
                cinit                               7F1      7F1        F      FE2       0
                config                             8007     8007        2        0       4
                idloc                              8000     8000        4        0       5
                text62                              31C      31C        3      638       0
                text61                              31F      31F        3      63E       0
                text60                              322      322        3      644       0
                text59                              4DC      4DC       1C      9B8       0
                text58                              325      325        3      64A       0
                text57                              328      328        3      650       0
                text56                              32B      32B        3      656       0
                text55                              3F5      3F5       10      7EA       0
                text54                              536      536       26      A6C       0
                text53                              3B4      3B4        D      768       0
                text52                              415      415       11      82A       0
                text51                              426      426       11      84C       0
                text50                              437      437       11      86E       0
                text49                              448      448       11      890       0
                text48                              4C4      4C4       18      988       0
                text47                              318      318        2      630       0
                text46                              31A      31A        2      634       0
                text45                              32E      32E        3      65C       0
                text44                              337      337        4      66E       0
                text43                              331      331        3      662       0
                text42                              33B      33B        4      676       0
                text41                              343      343        5      686       0
                text40                              37A      37A        6      6F4       0
                text39                              334      334        3      668       0
                text38                              5DB      5DB       2F      BB6       0
                text37                              348      348        5      690       0
                text36                              3A2      3A2        9      744       0
                text35                              39A      39A        8      734       0
                text34                              6FF      6FF       55      DFE       0
                text33                              673      673       46      CE6       0
                text32                              38C      38C        7      718       0
                text31                              34D      34D        5      69A       0
                text30                              352      352        5      6A4       0
                text29                              357      357        5      6AE       0
                text28                              35C      35C        5      6B8       0
                text27                              361      361        5      6C2       0
                text26                              366      366        5      6CC       0
                text25                              36B      36B        5      6D6       0
                text24                              370      370        5      6E0       0
                text23                              5AF      5AF       2C      B5E       0
                text22                              584      584       2B      B08       0
                text21                              380      380        6      700       0
                text20                              3C1      3C1        D      782       0
                text19                              4F8      4F8       1F      9F0       0
                text18                              375      375        5      6EA       0
                text17                              3CE      3CE        D      79C       0
                text16                              639      639       3A      C72       0
                text15                              3DB      3DB        D      7B6       0
                text14                              55C      55C       28      AB8       0
                text13                              459      459       14      8B2       0
                text12                              46D      46D       14      8DA       0
                text11                              405      405       10      80A       0
                text10                              481      481       16      902       0
                text9                               754      754       9D      EA8       0
                text8                               60A      60A       2F      C14       0
                text7                               4AD      4AD       17      95A       0
                text6                               517      517       1F      A2E       0
                text5                               3AB      3AB        9      756       0
                text4                               393      393        7      726       0
                text3                               497      497       16      92E       0
                text2                               33F      33F        4      67E       0
                text1                               3E8      3E8        D      7D0       0
                maintext                            6B9      6B9       46      D72       0
                cstackBANK0                          3E       3E       16       20       1
                cstackCOMMON                         70       70        E       70       1
                clrtext                             386      386        6      70C       0
                dataBANK0                            55       55        1       20       1
                bssBANK0                             20       20       1E       20       1
                stringtext5                         851      851        F     1000       0
                stringtext4                         841      841       10     1000       0
                stringtext3                         831      831       10     1000       0
                stringtext2                         820      820       11     1000       0
                nvBANK0                              54       54        1       20       1
                stringtext1                         800      800       20     1000       0
                idataBANK0                          317      317        1      62E       0

TOTAL           Name                               Link     Load   Length     Space
        CLASS   CODE           
                end_init                              2        2        2         0
                cinit                               7F1      7F1        F         0
                reset_vec                             0        0        2         0
                text62                              31C      31C        3         0
                text61                              31F      31F        3         0
                text60                              322      322        3         0
                text59                              4DC      4DC       1C         0
                text58                              325      325        3         0
                text57                              328      328        3         0
                text56                              32B      32B        3         0
                text55                              3F5      3F5       10         0
                text54                              536      536       26         0
                text53                              3B4      3B4        D         0
                text52                              415      415       11         0
                text51                              426      426       11         0
                text50                              437      437       11         0
                text49                              448      448       11         0
                text48                              4C4      4C4       18         0
                text47                              318      318        2         0
                text46                              31A      31A        2         0
                text45                              32E      32E        3         0
                text44                              337      337        4         0
                text43                              331      331        3         0
                text42                              33B      33B        4         0
                text41                              343      343        5         0
                text40                              37A      37A        6         0
                text39                              334      334        3         0
                text38                              5DB      5DB       2F         0
                text37                              348      348        5         0
                text36                              3A2      3A2        9         0
                text35                              39A      39A        8         0
                text34                              6FF      6FF       55         0
                text33                              673      673       46         0
                text32                              38C      38C        7         0
                text31                              34D      34D        5         0
                text30                              352      352        5         0
                text29                              357      357        5         0
                text28                              35C      35C        5         0
                text27                              361      361        5         0
                text26                              366      366        5         0
                text25                              36B      36B        5         0
                text24                              370      370        5         0
                text23                              5AF      5AF       2C         0
                text22                              584      584       2B         0
                text21                              380      380        6         0
                text20                              3C1      3C1        D         0
                text19                              4F8      4F8       1F         0
                text18                              375      375        5         0
                text17                              3CE      3CE        D         0
                text16                              639      639       3A         0
                text15                              3DB      3DB        D         0
                text14                              55C      55C       28         0
                text13                              459      459       14         0
                text12                              46D      46D       14         0
                text11                              405      405       10         0
                text10                              481      481       16         0
                text9                               754      754       9D         0
                text8                               60A      60A       2F         0
                text7                               4AD      4AD       17         0
                text6                               517      517       1F         0
                text5                               3AB      3AB        9         0
                text4                               393      393        7         0
                text3                               497      497       16         0
                text2                               33F      33F        4         0
                text1                               3E8      3E8        D         0
                maintext                            6B9      6B9       46         0
                clrtext                             386      386        6         0
                idataBANK0                          317      317        1         0

        CLASS   STRCODE        
                stringtext5                         851      851        F         0
                stringtext4                         841      841       10         0
                stringtext3                         831      831       10         0
                stringtext2                         820      820       11         0
                stringtext1                         800      800       20         0

        CLASS   STRING         

        CLASS   CONST          

        CLASS   ENTRY          

        CLASS   COMMON         
                cstackCOMMON                         70       70        E         1

        CLASS   BANK0          
                cstackBANK0                          3E       3E       16         1
                dataBANK0                            55       55        1         1
                bssBANK0                             20       20       1E         1
                nvBANK0                              54       54        1         1

        CLASS   BANK1          

        CLASS   BANK2          

        CLASS   BANK3          

        CLASS   BANK4          

        CLASS   BIGRAM         

        CLASS   RAM            

        CLASS   ABS1           
                abs_s1                               7E       7E        2         1

        CLASS   SFR0           

        CLASS   SFR1           

        CLASS   SFR2           

        CLASS   SFR3           

        CLASS   SFR4           

        CLASS   SFR5           

        CLASS   SFR6           

        CLASS   SFR7           

        CLASS   SFR8           

        CLASS   SFR9           

        CLASS   SFR10          

        CLASS   SFR11          

        CLASS   SFR12          

        CLASS   SFR13          

        CLASS   SFR14          

        CLASS   SFR15          

        CLASS   SFR16          

        CLASS   SFR17          

        CLASS   SFR18          

        CLASS   SFR19          

        CLASS   SFR20          

        CLASS   SFR21          

        CLASS   SFR22          

        CLASS   SFR23          

        CLASS   SFR24          

        CLASS   SFR25          

        CLASS   SFR26          

        CLASS   SFR27          

        CLASS   SFR28          

        CLASS   SFR29          

        CLASS   SFR30          

        CLASS   SFR31          

        CLASS   CONFIG         
                config                             8007     8007        2         4

        CLASS   IDLOC          
                idloc                              8000     8000        4         5

        CLASS   EEDATA         

        CLASS   BANK31         

        CLASS   BANK30         

        CLASS   BANK29         

        CLASS   BANK28         

        CLASS   BANK27         

        CLASS   BANK26         

        CLASS   BANK25         

        CLASS   BANK24         

        CLASS   BANK23         

        CLASS   BANK22         

        CLASS   BANK21         

        CLASS   BANK20         

        CLASS   BANK19         

        CLASS   BANK18         

        CLASS   BANK17         

        CLASS   BANK16         

        CLASS   BANK15         

        CLASS   BANK14         

        CLASS   BANK13         

        CLASS   BANK12         

        CLASS   BANK11         

        CLASS   BANK10         

        CLASS   BANK9          

        CLASS   BANK8          

        CLASS   BANK7          

        CLASS   BANK6          

        CLASS   BANK5          

        CLASS   HEAP           

        CLASS   STACK          



SEGMENTS        Name                           Load    Length   Top    Selector   Space  Class     Delta

                reset_vec                      000000  000004  000004         0       0  CODE        2
                bssBANK0                       000020  000036  000056        20       1  BANK0       1
                cstackCOMMON                   000070  00000E  00007E        70       1  COMMON      1
                idataBANK0                     000317  000001  000318       62E       0  CODE        2
                text47                         000318  000002  00031A       630       0  CODE        2
                text46                         00031A  000002  00031C       634       0  CODE        2
                text62                         00031C  000003  00031F       638       0  CODE        2
                text61                         00031F  000003  000322       63E       0  CODE        2
                text60                         000322  000003  000325       644       0  CODE        2
                text58                         000325  000003  000328       64A       0  CODE        2
                text57                         000328  000003  00032B       650       0  CODE        2
                text56                         00032B  000003  00032E       656       0  CODE        2
                text45                         00032E  000003  000331       65C       0  CODE        2
                text43                         000331  000003  000334       662       0  CODE        2
                text39                         000334  000003  000337       668       0  CODE        2
                text44                         000337  000004  00033B       66E       0  CODE        2
                text42                         00033B  000004  00033F       676       0  CODE        2
                text2                          00033F  000004  000343       67E       0  CODE        2
                text41                         000343  000005  000348       686       0  CODE        2
                text37                         000348  000005  00034D       690       0  CODE        2
                text31                         00034D  000005  000352       69A       0  CODE        2
                text30                         000352  000005  000357       6A4       0  CODE        2
                text29                         000357  000005  00035C       6AE       0  CODE        2
                text28                         00035C  000005  000361       6B8       0  CODE        2
                text27                         000361  000005  000366       6C2       0  CODE        2
                text26                         000366  000005  00036B       6CC       0  CODE        2
                text25                         00036B  000005  000370       6D6       0  CODE        2
                text24                         000370  000005  000375       6E0       0  CODE        2
                text18                         000375  000005  00037A       6EA       0  CODE        2
                text40                         00037A  000006  000380       6F4       0  CODE        2
                text21                         000380  000006  000386       700       0  CODE        2
                clrtext                        000386  000006  00038C       70C       0  CODE        2
                text32                         00038C  000007  000393       718       0  CODE        2
                text4                          000393  000007  00039A       726       0  CODE        2
                text35                         00039A  000008  0003A2       734       0  CODE        2
                text36                         0003A2  000009  0003AB       744       0  CODE        2
                text5                          0003AB  000009  0003B4       756       0  CODE        2
                text53                         0003B4  00000D  0003C1       768       0  CODE        2
                text20                         0003C1  00000D  0003CE       782       0  CODE        2
                text17                         0003CE  00000D  0003DB       79C       0  CODE        2
                text15                         0003DB  00000D  0003E8       7B6       0  CODE        2
                text1                          0003E8  00000D  0003F5       7D0       0  CODE        2
                text55                         0003F5  000010  000405       7EA       0  CODE        2
                text11                         000405  000010  000415       80A       0  CODE        2
                text52                         000415  000011  000426       82A       0  CODE        2
                text51                         000426  000011  000437       84C       0  CODE        2
                text50                         000437  000011  000448       86E       0  CODE        2
                text49                         000448  000011  000459       890       0  CODE        2
                text13                         000459  000014  00046D       8B2       0  CODE        2
                text12                         00046D  000014  000481       8DA       0  CODE        2
                text10                         000481  000016  000497       902       0  CODE        2
                text3                          000497  000016  0004AD       92E       0  CODE        2
                text7                          0004AD  000017  0004C4       95A       0  CODE        2
                text48                         0004C4  000018  0004DC       988       0  CODE        2
                text59                         0004DC  00001C  0004F8       9B8       0  CODE        2
                text19                         0004F8  00001F  000517       9F0       0  CODE        2
                text6                          000517  00001F  000536       A2E       0  CODE        2
                text54                         000536  000026  00055C       A6C       0  CODE        2
                text14                         00055C  000028  000584       AB8       0  CODE        2
                text22                         000584  00002B  0005AF       B08       0  CODE        2
                text23                         0005AF  00002C  0005DB       B5E       0  CODE        2
                text38                         0005DB  00002F  00060A       BB6       0  CODE        2
                text8                          00060A  00002F  000639       C14       0  CODE        2
                text16                         000639  00003A  000673       C72       0  CODE        2
                text33                         000673  000046  0006B9       CE6       0  CODE        2
                maintext                       0006B9  000046  0006FF       D72       0  CODE        2
                text34                         0006FF  000055  000754       DFE       0  CODE        2
                text9                          000754  00009D  0007F1       EA8       0  CODE        2
                cinit                          0007F1  00000F  000800       FE2       0  CODE        2
                stringtext1                    000800  000060  000860      1000       0  STRCODE     2


UNUSED ADDRESS RANGES

        Name                Unused          Largest block    Delta
        BANK0            00056-0006F              1A           1
        BANK1            000A0-000EF              50           1
        BANK2            00120-0016F              50           1
        BANK3            001A0-001EF              50           1
        BANK4            00220-0024F              30           1
        BIGRAM           02000-0216F             170           1
        CODE             00004-00316             313           2
                         00860-00FFF             7A0
        CONST            00004-00316             100           2
                         00860-00FFF             100
        EEDATA           0F000-0F0FF             100           2
        ENTRY            00004-00316             100           2
                         00860-00FFF             100
        RAM              00056-0006F              1A           1
                         000A0-000EF              50
                         00120-0016F              50
                         001A0-001EF              50
                         00220-0024F              30
        SFR0             00000-0001F              20           1
        SFR1             00080-0009F              20           1
        SFR10            00500-0056F              70           1
        SFR11            00580-005EF              70           1
        SFR12            00600-0066F              70           1
        SFR13            00680-006EF              70           1
        SFR14            00700-0076F              70           1
        SFR15            00780-007EF              70           1
        SFR16            00800-0086F              70           1
        SFR17            00880-008EF              70           1
        SFR18            00900-0096F              70           1
        SFR19            00980-009EF              70           1
        SFR2             00100-0011F              20           1
        SFR20            00A00-00A6F              70           1
        SFR21            00A80-00AEF              70           1
        SFR22            00B00-00B6F              70           1
        SFR23            00B80-00BEF              70           1
        SFR24            00C00-00C6F              70           1
        SFR25            00C80-00CEF              70           1
        SFR26            00D00-00D6F              70           1
        SFR27            00D80-00DEF              70           1
        SFR28            00E00-00E6F              70           1
        SFR29            00E80-00EEF              70           1
        SFR3             00180-0019F              20           1
        SFR30            00F00-00F6F              70           1
        SFR31            00F80-00FEF              70           1
        SFR4             00200-0021F              20           1
        SFR5             00280-002EF              70           1
        SFR6             00300-0036F              70           1
        SFR7             00380-003EF              70           1
        SFR8             00400-0046F              70           1
        SFR9             00480-004EF              70           1
        STRCODE          00004-00316             313           2
                         00860-00FFF             7A0
        STRING           00004-00316             100           2
                         00860-00FFF             100

                                  Symbol Table

I2C1_CallbackReturnReset@funPtr       cstackCOMMON 00079
I2C1_Close@returnValue                cstackCOMMON 00071
I2C1_MasterOperation@read             cstackBANK0  00041
I2C1_MasterOperation@returnValue      cstackBANK0  00042
I2C1_MasterSendTxData@data            cstackCOMMON 00070
I2C1_Open@address                     cstackCOMMON 00071
I2C1_Open@returnValue                 cstackCOMMON 00072
I2C1_SetAddressNackCallback@cb        cstackCOMMON 00075
I2C1_SetAddressNackCallback@ptr       cstackCOMMON 00077
I2C1_SetBuffer@buffer                 cstackCOMMON 00073
I2C1_SetBuffer@bufferSize             cstackCOMMON 00070
I2C1_SetCallback@cb                   cstackCOMMON 00070
I2C1_SetCallback@idx                  cstackCOMMON 00074
I2C1_SetCallback@ptr                  cstackCOMMON 00072
I2C1_SetDataCompleteCallback@cb       cstackCOMMON 00075
I2C1_SetDataCompleteCallback@ptr      cstackCOMMON 00077
I2C1_WriteNBytes@address              cstackBANK0  00046
I2C1_WriteNBytes@data                 cstackBANK0  00043
I2C1_WriteNBytes@len                  cstackBANK0  00044
IO_Expander_Write@Data                cstackBANK0  00048
IO_Expander_Write@dt                  cstackBANK0  00049
IO_pulseEnable@Data                   cstackBANK0  0004A
LCD_CMD@CMD                           cstackBANK0  0004E
LCD_Init@I2C_Add                      cstackBANK0  00051
LCD_Set_Cursor@COL                    cstackBANK0  0004F
LCD_Set_Cursor@ROW                    cstackBANK0  00052
LCD_Write_4Bit@Data                   cstackBANK0  0004C
LCD_Write_Char@Data                   cstackBANK0  0004E
LCD_Write_String@Str                  cstackBANK0  0004F
LCD_Write_String@i                    cstackBANK0  00052
_ANSELA                               (abs)        0018C
_ANSELB                               (abs)        0018D
_APFCON0                              (abs)        0011D
_APFCON1                              (abs)        0011E
_BORCON                               (abs)        00116
_BackLight_State                      dataBANK0    00055
_I2C1_CallbackReturnReset             text46       0031A
_I2C1_CallbackReturnStop              text47       00318
_I2C1_Close                           text59       004DC
_I2C1_DO_ADDRESS_NACK                 text23       005AF
_I2C1_DO_IDLE                         text37       00348
_I2C1_DO_RCEN                         text32       0038C
_I2C1_DO_RESET                        text24       00370
_I2C1_DO_RX                           text33       00673
_I2C1_DO_RX_ACK                       text27       00361
_I2C1_DO_RX_NACK_RESTART              text25       0036B
_I2C1_DO_RX_NACK_STOP                 text26       00366
_I2C1_DO_SEND_ADR_READ                text36       003A2
_I2C1_DO_SEND_ADR_WRITE               text35       0039A
_I2C1_DO_SEND_RESTART                 text29       00357
_I2C1_DO_SEND_RESTART_READ            text31       0034D
_I2C1_DO_SEND_RESTART_WRITE           text30       00352
_I2C1_DO_SEND_STOP                    text28       0035C
_I2C1_DO_TX                           text34       006FF
_I2C1_DO_TX_EMPTY                     text38       005DB
_I2C1_Initialize                      text5        003AB
_I2C1_MasterClearIrq                  text62       0031C
_I2C1_MasterClose                     text61       0031F
_I2C1_MasterDisableIrq                text60       00322
_I2C1_MasterEnableRestart             text57       00328
_I2C1_MasterFsm                       text22       00584
_I2C1_MasterGetRxData                 text43       00331
_I2C1_MasterIsNack                    text40       0037A
_I2C1_MasterOpen                      text17       003CE
_I2C1_MasterOperation                 text19       004F8
_I2C1_MasterSendAck                   text42       0033B
_I2C1_MasterSendNack                  text44       00337
_I2C1_MasterSendTxData                text41       00343
_I2C1_MasterSetIrq                    text39       00334
_I2C1_MasterStart                     text58       00325
_I2C1_MasterStartRx                   text45       0032E
_I2C1_MasterStop                      text56       0032B
_I2C1_MasterWaitForEvent              text21       00380
_I2C1_MasterWrite                     text18       00375
_I2C1_Open                            text16       00639
_I2C1_Poller                          text20       003C1
_I2C1_SetAddressNackCallback          text15       003DB
_I2C1_SetBuffer                       text55       003F5
_I2C1_SetCallback                     text54       00536
_I2C1_SetDataCompleteCallback         text53       003B4
_I2C1_Status                          bssBANK0     00020
_I2C1_WriteNBytes                     text14       0055C
_IO_Expander_Write                    text13       00459
_IO_pulseEnable                       text12       0046D
_LATA                                 (abs)        0010C
_LATB                                 (abs)        0010D
_LCD_CMD                              text10       00481
_LCD_Init                             text9        00754
_LCD_Set_Cursor                       text8        0060A
_LCD_Write_4Bit                       text11       00405
_LCD_Write_Char                       text7        004AD
_LCD_Write_String                     text6        00517
_OPTION_REGbits                       (abs)        00095
_OSCCON                               (abs)        00099
_OSCILLATOR_Initialize                text4        00393
_OSCTUNE                              (abs)        00098
_PIE1bits                             (abs)        00091
_PIN_MANAGER_Initialize               text3        00497
_PIR1bits                             (abs)        00011
_PIR2bits                             (abs)        00012
_RS                                   bssBANK0     0003D
_SSP1ADD                              (abs)        00212
_SSP1BUF                              (abs)        00211
_SSP1CON1                             (abs)        00215
_SSP1CON1bits                         (abs)        00215
_SSP1CON2                             (abs)        00216
_SSP1CON2bits                         (abs)        00216
_SSP1STAT                             (abs)        00214
_SSP1STATbits                         (abs)        00214
_SYSTEM_Initialize                    text1        003E8
_TRISA                                (abs)        0008C
_TRISB                                (abs)        0008D
_WDTCON                               (abs)        00097
_WDT_Initialize                       text2        0033F
_WPUA                                 (abs)        0020C
_WPUB                                 (abs)        0020D
__Habs1                               abs1         00000
__Hbank0                              bank0        00000
__Hbank1                              bank1        00000
__Hbank10                             bank10       00000
__Hbank11                             bank11       00000
__Hbank12                             bank12       00000
__Hbank13                             bank13       00000
__Hbank14                             bank14       00000
__Hbank15                             bank15       00000
__Hbank16                             bank16       00000
__Hbank17                             bank17       00000
__Hbank18                             bank18       00000
__Hbank19                             bank19       00000
__Hbank2                              bank2        00000
__Hbank20                             bank20       00000
__Hbank21                             bank21       00000
__Hbank22                             bank22       00000
__Hbank23                             bank23       00000
__Hbank24                             bank24       00000
__Hbank25                             bank25       00000
__Hbank26                             bank26       00000
__Hbank27                             bank27       00000
__Hbank28                             bank28       00000
__Hbank29                             bank29       00000
__Hbank3                              bank3        00000
__Hbank30                             bank30       00000
__Hbank31                             bank31       00000
__Hbank4                              bank4        00000
__Hbank5                              bank5        00000
__Hbank6                              bank6        00000
__Hbank7                              bank7        00000
__Hbank8                              bank8        00000
__Hbank9                              bank9        00000
__Hbigram                             bigram       00000
__HbssBANK0                           bssBANK0     00000
__Hcinit                              cinit        00800
__Hclrtext                            clrtext      00000
__Hcode                               code         00000
__Hcommon                             common       00000
__Hconfig                             config       08009
__HcstackBANK0                        cstackBANK0  00000
__HcstackCOMMON                       cstackCOMMON 00000
__HdataBANK0                          dataBANK0    00000
__Heeprom_data                        eeprom_data  00000
__Hend_init                           end_init     00004
__Hfunctab                            functab      00000
__Hheap                               heap         00000
__HidataBANK0                         idataBANK0   00000
__Hidloc                              idloc        08004
__Hinit                               init         00002
__Hintentry                           intentry     00002
__Hmaintext                           maintext     00000
__HnvBANK0                            nvBANK0      00000
__Hpowerup                            powerup      00000
__Hram                                ram          00000
__Hreset_vec                          reset_vec    00002
__Hsfr0                               sfr0         00000
__Hsfr1                               sfr1         00000
__Hsfr10                              sfr10        00000
__Hsfr11                              sfr11        00000
__Hsfr12                              sfr12        00000
__Hsfr13                              sfr13        00000
__Hsfr14                              sfr14        00000
__Hsfr15                              sfr15        00000
__Hsfr16                              sfr16        00000
__Hsfr17                              sfr17        00000
__Hsfr18                              sfr18        00000
__Hsfr19                              sfr19        00000
__Hsfr2                               sfr2         00000
__Hsfr20                              sfr20        00000
__Hsfr21                              sfr21        00000
__Hsfr22                              sfr22        00000
__Hsfr23                              sfr23        00000
__Hsfr24                              sfr24        00000
__Hsfr25                              sfr25        00000
__Hsfr26                              sfr26        00000
__Hsfr27                              sfr27        00000
__Hsfr28                              sfr28        00000
__Hsfr29                              sfr29        00000
__Hsfr3                               sfr3         00000
__Hsfr30                              sfr30        00000
__Hsfr31                              sfr31        00000
__Hsfr4                               sfr4         00000
__Hsfr5                               sfr5         00000
__Hsfr6                               sfr6         00000
__Hsfr7                               sfr7         00000
__Hsfr8                               sfr8         00000
__Hsfr9                               sfr9         00000
__Hspace_0                            (abs)        00860
__Hspace_1                            (abs)        0007E
__Hspace_2                            (abs)        00000
__Hspace_3                            (abs)        00000
__Hspace_4                            (abs)        10010
__Hstack                              stack        00000
__Hstrings                            strings      00000
__Hstringtext1                        stringtext1  00000
__Hstringtext2                        stringtext2  00000
__Hstringtext3                        stringtext3  00000
__Hstringtext4                        stringtext4  00000
__Hstringtext5                        stringtext5  00000
__Hstringtext6                        stringtext6  00000
__Htext                               text         00000
__Labs1                               abs1         00000
__Lbank0                              bank0        00000
__Lbank1                              bank1        00000
__Lbank10                             bank10       00000
__Lbank11                             bank11       00000
__Lbank12                             bank12       00000
__Lbank13                             bank13       00000
__Lbank14                             bank14       00000
__Lbank15                             bank15       00000
__Lbank16                             bank16       00000
__Lbank17                             bank17       00000
__Lbank18                             bank18       00000
__Lbank19                             bank19       00000
__Lbank2                              bank2        00000
__Lbank20                             bank20       00000
__Lbank21                             bank21       00000
__Lbank22                             bank22       00000
__Lbank23                             bank23       00000
__Lbank24                             bank24       00000
__Lbank25                             bank25       00000
__Lbank26                             bank26       00000
__Lbank27                             bank27       00000
__Lbank28                             bank28       00000
__Lbank29                             bank29       00000
__Lbank3                              bank3        00000
__Lbank30                             bank30       00000
__Lbank31                             bank31       00000
__Lbank4                              bank4        00000
__Lbank5                              bank5        00000
__Lbank6                              bank6        00000
__Lbank7                              bank7        00000
__Lbank8                              bank8        00000
__Lbank9                              bank9        00000
__Lbigram                             bigram       00000
__LbssBANK0                           bssBANK0     00000
__Lcinit                              cinit        007F1
__Lclrtext                            clrtext      00000
__Lcode                               code         00000
__Lcommon                             common       00000
__Lconfig                             config       00000
__LcstackBANK0                        cstackBANK0  00000
__LcstackCOMMON                       cstackCOMMON 00000
__LdataBANK0                          dataBANK0    00000
__Leeprom_data                        eeprom_data  00000
__Lend_init                           end_init     00002
__Lfunctab                            functab      00000
__Lheap                               heap         00000
__LidataBANK0                         idataBANK0   00000
__Lidloc                              idloc        00000
__Linit                               init         00002
__Lintentry                           intentry     00002
__Lmaintext                           maintext     00000
__LnvBANK0                            nvBANK0      00000
__Lpowerup                            powerup      00000
__Lram                                ram          00000
__Lreset_vec                          reset_vec    00000
__Lsfr0                               sfr0         00000
__Lsfr1                               sfr1         00000
__Lsfr10                              sfr10        00000
__Lsfr11                              sfr11        00000
__Lsfr12                              sfr12        00000
__Lsfr13                              sfr13        00000
__Lsfr14                              sfr14        00000
__Lsfr15                              sfr15        00000
__Lsfr16                              sfr16        00000
__Lsfr17                              sfr17        00000
__Lsfr18                              sfr18        00000
__Lsfr19                              sfr19        00000
__Lsfr2                               sfr2         00000
__Lsfr20                              sfr20        00000
__Lsfr21                              sfr21        00000
__Lsfr22                              sfr22        00000
__Lsfr23                              sfr23        00000
__Lsfr24                              sfr24        00000
__Lsfr25                              sfr25        00000
__Lsfr26                              sfr26        00000
__Lsfr27                              sfr27        00000
__Lsfr28                              sfr28        00000
__Lsfr29                              sfr29        00000
__Lsfr3                               sfr3         00000
__Lsfr30                              sfr30        00000
__Lsfr31                              sfr31        00000
__Lsfr4                               sfr4         00000
__Lsfr5                               sfr5         00000
__Lsfr6                               sfr6         00000
__Lsfr7                               sfr7         00000
__Lsfr8                               sfr8         00000
__Lsfr9                               sfr9         00000
__Lspace_0                            (abs)        00000
__Lspace_1                            (abs)        00000
__Lspace_2                            (abs)        00000
__Lspace_3                            (abs)        00000
__Lspace_4                            (abs)        00000
__Lstack                              stack        00000
__Lstrings                            strings      00000
__Lstringtext1                        stringtext1  00000
__Lstringtext2                        stringtext2  00000
__Lstringtext3                        stringtext3  00000
__Lstringtext4                        stringtext4  00000
__Lstringtext5                        stringtext5  00000
__Lstringtext6                        stringtext6  00000
__Ltext                               text         00000
__S0                                  (abs)        00860
__S1                                  (abs)        0007E
__S3                                  (abs)        00000
___heap_hi                            (abs)        00000
___heap_lo                            (abs)        00000
___int_sp                             stack        00000
___latbits                            (abs)        00001
___sp                                 stack        00000
___stackhi                            (abs)        00000
___stacklo                            (abs)        00000
__end_of_I2C1_CallbackReturnReset     text46       0031C
__end_of_I2C1_CallbackReturnStop      text47       0031A
__end_of_I2C1_Close                   text59       004F8
__end_of_I2C1_DO_ADDRESS_NACK         text23       005DB
__end_of_I2C1_DO_IDLE                 text37       0034D
__end_of_I2C1_DO_RCEN                 text32       00393
__end_of_I2C1_DO_RESET                text24       00375
__end_of_I2C1_DO_RX                   text33       006B9
__end_of_I2C1_DO_RX_ACK               text27       00366
__end_of_I2C1_DO_RX_NACK_RESTART      text25       00370
__end_of_I2C1_DO_RX_NACK_STOP         text26       0036B
__end_of_I2C1_DO_SEND_ADR_READ        text36       003AB
__end_of_I2C1_DO_SEND_ADR_WRITE       text35       003A2
__end_of_I2C1_DO_SEND_RESTART         text29       0035C
__end_of_I2C1_DO_SEND_RESTART_READ    text31       00352
__end_of_I2C1_DO_SEND_RESTART_WRITE   text30       00357
__end_of_I2C1_DO_SEND_STOP            text28       00361
__end_of_I2C1_DO_TX                   text34       00754
__end_of_I2C1_DO_TX_EMPTY             text38       0060A
__end_of_I2C1_Initialize              text5        003B4
__end_of_I2C1_MasterClearIrq          text62       0031F
__end_of_I2C1_MasterClose             text61       00322
__end_of_I2C1_MasterDisableIrq        text60       00325
__end_of_I2C1_MasterEnableRestart     text57       0032B
__end_of_I2C1_MasterFsm               text22       005AF
__end_of_I2C1_MasterGetRxData         text43       00334
__end_of_I2C1_MasterIsNack            text40       00380
__end_of_I2C1_MasterOpen              text17       003DB
__end_of_I2C1_MasterOperation         text19       00517
__end_of_I2C1_MasterSendAck           text42       0033F
__end_of_I2C1_MasterSendNack          text44       0033B
__end_of_I2C1_MasterSendTxData        text41       00348
__end_of_I2C1_MasterSetIrq            text39       00337
__end_of_I2C1_MasterStart             text58       00328
__end_of_I2C1_MasterStartRx           text45       00331
__end_of_I2C1_MasterStop              text56       0032E
__end_of_I2C1_MasterWaitForEvent      text21       00386
__end_of_I2C1_MasterWrite             text18       0037A
__end_of_I2C1_Open                    text16       00673
__end_of_I2C1_Poller                  text20       003CE
__end_of_I2C1_SetAddressNackCallback  text15       003E8
__end_of_I2C1_SetBuffer               text55       00405
__end_of_I2C1_SetCallback             text54       0055C
__end_of_I2C1_SetDataCompleteCallback text53       003C1
__end_of_I2C1_WriteNBytes             text14       00584
__end_of_IO_Expander_Write            text13       0046D
__end_of_IO_pulseEnable               text12       00481
__end_of_LCD_CMD                      text10       00497
__end_of_LCD_Init                     text9        007F1
__end_of_LCD_Set_Cursor               text8        00639
__end_of_LCD_Write_4Bit               text11       00415
__end_of_LCD_Write_Char               text7        004C4
__end_of_LCD_Write_String             text6        00536
__end_of_OSCILLATOR_Initialize        text4        0039A
__end_of_PIN_MANAGER_Initialize       text3        004AD
__end_of_SYSTEM_Initialize            text1        003F5
__end_of_WDT_Initialize               text2        00343
__end_of__initialization              cinit        007FD
__end_of_i2c1_fsmStateTable           stringtext1  00820
__end_of_main                         maintext     006FF
__end_of_rd1RegCompleteHandler        text51       00437
__end_of_rd2RegCompleteHandler        text50       00448
__end_of_rdBlkRegCompleteHandler      text48       004DC
__end_of_wr1RegCompleteHandler        text49       00459
__end_of_wr2RegCompleteHandler        text52       00426
__initialization                      cinit        007F1
__pbssBANK0                           bssBANK0     00020
__pcstackBANK0                        cstackBANK0  0003E
__pcstackCOMMON                       cstackCOMMON 00070
__pdataBANK0                          dataBANK0    00055
__pidataBANK0                         idataBANK0   00317
__pmaintext                           maintext     006B9
__pnvBANK0                            nvBANK0      00054
__pstringtext1                        stringtext1  00800
__pstringtext2                        stringtext2  00820
__pstringtext3                        stringtext3  00831
__pstringtext4                        stringtext4  00841
__pstringtext5                        stringtext5  00851
__pstringtext6                        stringtext6  00000
__ptext1                              text1        003E8
__ptext10                             text10       00481
__ptext11                             text11       00405
__ptext12                             text12       0046D
__ptext13                             text13       00459
__ptext14                             text14       0055C
__ptext15                             text15       003DB
__ptext16                             text16       00639
__ptext17                             text17       003CE
__ptext18                             text18       00375
__ptext19                             text19       004F8
__ptext2                              text2        0033F
__ptext20                             text20       003C1
__ptext21                             text21       00380
__ptext22                             text22       00584
__ptext23                             text23       005AF
__ptext24                             text24       00370
__ptext25                             text25       0036B
__ptext26                             text26       00366
__ptext27                             text27       00361
__ptext28                             text28       0035C
__ptext29                             text29       00357
__ptext3                              text3        00497
__ptext30                             text30       00352
__ptext31                             text31       0034D
__ptext32                             text32       0038C
__ptext33                             text33       00673
__ptext34                             text34       006FF
__ptext35                             text35       0039A
__ptext36                             text36       003A2
__ptext37                             text37       00348
__ptext38                             text38       005DB
__ptext39                             text39       00334
__ptext4                              text4        00393
__ptext40                             text40       0037A
__ptext41                             text41       00343
__ptext42                             text42       0033B
__ptext43                             text43       00331
__ptext44                             text44       00337
__ptext45                             text45       0032E
__ptext46                             text46       0031A
__ptext47                             text47       00318
__ptext48                             text48       004C4
__ptext49                             text49       00448
__ptext5                              text5        003AB
__ptext50                             text50       00437
__ptext51                             text51       00426
__ptext52                             text52       00415
__ptext53                             text53       003B4
__ptext54                             text54       00536
__ptext55                             text55       003F5
__ptext56                             text56       0032B
__ptext57                             text57       00328
__ptext58                             text58       00325
__ptext59                             text59       004DC
__ptext6                              text6        00517
__ptext60                             text60       00322
__ptext61                             text61       0031F
__ptext62                             text62       0031C
__ptext7                              text7        004AD
__ptext8                              text8        0060A
__ptext9                              text9        00754
_i2c1_fsmStateTable                   stringtext1  00800
_i2c_add                              nvBANK0      00054
_main                                 maintext     006B9
_rd1RegCompleteHandler                text51       00426
_rd2RegCompleteHandler                text50       00437
_rdBlkRegCompleteHandler              text48       004C4
_wr1RegCompleteHandler                text49       00448
_wr2RegCompleteHandler                text52       00415
btemp                                 (abs)        0007E
clear_ram0                            clrtext      00386
end_of_initialization                 cinit        007FD
intlevel0                             functab      00000
intlevel1                             functab      00000
intlevel2                             functab      00000
intlevel3                             functab      00000
intlevel4                             functab      00000
intlevel5                             functab      00000
rd1RegCompleteHandler@ptr             cstackCOMMON 00079
rd2RegCompleteHandler@ptr             cstackCOMMON 00079
rdBlkRegCompleteHandler@ptr           cstackCOMMON 00079
reset_vec                             reset_vec    00000
start                                 init         00002
start_initialization                  cinit        007F1
wr1RegCompleteHandler@ptr             cstackCOMMON 00079
wr2RegCompleteHandler@ptr             cstackCOMMON 00079
wtemp0                                (abs)        0007E


MODULE INFORMATION

Module		Function		Class		Link	Load	Size
mcc_generated_files/examples/i2c1_master_example.c
		_wr1RegCompleteHandler		CODE           	0448	0000	17
		_wr2RegCompleteHandler		CODE           	0415	0000	17
		_rdBlkRegCompleteHandler		CODE           	04C4	0000	24
		_rd1RegCompleteHandler		CODE           	0426	0000	17
		_rd2RegCompleteHandler		CODE           	0437	0000	17
		_I2C1_WriteNBytes		CODE           	055C	0000	40

mcc_generated_files/examples/i2c1_master_example.c estimated size: 132

mcc_generated_files/i2c1_master.c
		_I2C1_DO_SEND_RESTART		CODE           	0357	0000	5
		_I2C1_DO_TX_EMPTY		CODE           	05DB	0000	47
		_I2C1_DO_SEND_RESTART_READ		CODE           	034D	0000	5
		_I2C1_CallbackReturnStop		CODE           	0318	0000	2
		_I2C1_DO_RX    		CODE           	0673	0000	70
		_I2C1_DO_TX    		CODE           	06FF	0000	85
		_I2C1_SetAddressNackCallback		CODE           	03DB	0000	13
		_I2C1_DO_IDLE  		CODE           	0348	0000	5
		_I2C1_MasterOpen		CODE           	03CE	0000	13
		_I2C1_DO_RCEN  		CODE           	038C	0000	7
		_I2C1_MasterSendTxData		CODE           	0343	0000	5
		_I2C1_MasterStop		CODE           	032B	0000	3
		_I2C1_CallbackReturnReset		CODE           	031A	0000	2
		_I2C1_DO_RESET 		CODE           	0370	0000	5
		_I2C1_MasterStartRx		CODE           	032E	0000	3
		_I2C1_Poller   		CODE           	03C1	0000	13
		_I2C1_DO_RX_ACK		CODE           	0361	0000	5
		_I2C1_MasterWaitForEvent		CODE           	0380	0000	6
		_I2C1_MasterSendNack		CODE           	0337	0000	4
		_I2C1_DO_RX_NACK_RESTART		CODE           	036B	0000	5
		_I2C1_MasterDisableIrq		CODE           	0322	0000	3
		_I2C1_MasterOperation		CODE           	04F8	0000	31
		_I2C1_SetCallback		CODE           	0536	0000	38
		_I2C1_MasterEnableRestart		CODE           	0328	0000	3
		_I2C1_Open     		CODE           	0639	0000	58
		_I2C1_DO_ADDRESS_NACK		CODE           	05AF	0000	44
		_I2C1_SetBuffer		CODE           	03F5	0000	16
		_I2C1_DO_SEND_RESTART_WRITE		CODE           	0352	0000	5
		_I2C1_MasterClose		CODE           	031F	0000	3
		_I2C1_MasterWrite		CODE           	0375	0000	5
		_I2C1_Initialize		CODE           	03AB	0000	9
		_I2C1_Close    		CODE           	04DC	0000	28
		_I2C1_MasterIsNack		CODE           	037A	0000	6
		_I2C1_MasterStart		CODE           	0325	0000	3
		_I2C1_DO_SEND_ADR_WRITE		CODE           	039A	0000	8
		_I2C1_MasterClearIrq		CODE           	031C	0000	3
		_I2C1_SetDataCompleteCallback		CODE           	03B4	0000	13
		_I2C1_DO_SEND_STOP		CODE           	035C	0000	5
		_I2C1_MasterSendAck		CODE           	033B	0000	4
		_I2C1_MasterFsm		CODE           	0584	0000	43
		_I2C1_MasterGetRxData		CODE           	0331	0000	3
		_I2C1_MasterSetIrq		CODE           	0334	0000	3
		_I2C1_DO_SEND_ADR_READ		CODE           	03A2	0000	9
		_I2C1_DO_RX_NACK_STOP		CODE           	0366	0000	5

mcc_generated_files/i2c1_master.c estimated size: 651

mcc_generated_files/pin_manager.c
		_PIN_MANAGER_Initialize		CODE           	0497	0000	22

mcc_generated_files/pin_manager.c estimated size: 22

./LCD2004a.c
		_LCD_Init      		CODE           	0754	0000	157
		_LCD_Write_4Bit		CODE           	0405	0000	16
		_LCD_Write_Char		CODE           	04AD	0000	23
		_LCD_CMD       		CODE           	0481	0000	22
		_LCD_Set_Cursor		CODE           	060A	0000	47
		_IO_Expander_Write		CODE           	0459	0000	20
		_IO_pulseEnable		CODE           	046D	0000	20
		_LCD_Write_String		CODE           	0517	0000	31

./LCD2004a.c estimated size: 336

shared
		__initialization		CODE           	07F1	0000	12
		_i2c1_fsmStateTable		STRCODE        	0800	0000	32

shared estimated size: 44

mcc_generated_files/mcc.c
		_WDT_Initialize		CODE           	033F	0000	4
		_OSCILLATOR_Initialize		CODE           	0393	0000	7
		_SYSTEM_Initialize		CODE           	03E8	0000	13

mcc_generated_files/mcc.c estimated size: 24

main.c
		_main          		CODE           	06B9	0000	70

main.c estimated size: 70

