Microchip MPLAB XC8 Compiler V2.35

Linker command line:

-W-3 --edf=C:\Program Files\Microchip\xc8\v2.35\pic\dat\en_msgs.txt -cn \
  -h+dist/default/production\P33_ADC_bis.X.production.sym \
  --cmf=dist/default/production\P33_ADC_bis.X.production.cmf -z -Q16F1827 \
  -oC:\Users\LUCA~1.CAM\AppData\Local\Temp\xcAs1qo.4 \
  --defsym=__MPLAB_BUILD=1 \
  -Mdist/default/production/P33_ADC_bis.X.production.map \
  --md=C:\Users\LUCA~1.CAM\AppData\Local\Temp\xcAs1qo.dat -E1 \
  -ver=XC8 Compiler --acfsm=1493 -ACODE=00h-07FFhx2 -ASTRCODE=00h-0FFFh \
  -ASTRING=00h-0FFhx16 -ACONST=00h-0FFhx16 -AENTRY=00h-0FFhx16 \
  -ACOMMON=070h-07Fh -ABANK0=020h-06Fh -ABANK1=0A0h-0EFh \
  -ABANK2=0120h-016Fh -ABANK3=01A0h-01EFh -ABANK4=0220h-024Fh \
  -ABIGRAM=02000h-0216Fh \
  -ARAM=020h-06Fh,0A0h-0EFh,0120h-016Fh,01A0h-01EFh,0220h-024Fh \
  -AABS1=020h-07Fh,0A0h-0EFh,0120h-016Fh,01A0h-01EFh,0220h-024Fh \
  -ASFR0=00h-01Fh -ASFR1=080h-09Fh -ASFR2=0100h-011Fh -ASFR3=0180h-019Fh \
  -ASFR4=0200h-021Fh -ASFR5=0280h-02EFh -ASFR6=0300h-036Fh \
  -ASFR7=0380h-03EFh -ASFR8=0400h-046Fh -ASFR9=0480h-04EFh \
  -ASFR10=0500h-056Fh -ASFR11=0580h-05EFh -ASFR12=0600h-066Fh \
  -ASFR13=0680h-06EFh -ASFR14=0700h-076Fh -ASFR15=0780h-07EFh \
  -ASFR16=0800h-086Fh -ASFR17=0880h-08EFh -ASFR18=0900h-096Fh \
  -ASFR19=0980h-09EFh -ASFR20=0A00h-0A6Fh -ASFR21=0A80h-0AEFh \
  -ASFR22=0B00h-0B6Fh -ASFR23=0B80h-0BEFh -ASFR24=0C00h-0C6Fh \
  -ASFR25=0C80h-0CEFh -ASFR26=0D00h-0D6Fh -ASFR27=0D80h-0DEFh \
  -ASFR28=0E00h-0E6Fh -ASFR29=0E80h-0EEFh -ASFR30=0F00h-0F6Fh \
  -ASFR31=0F80h-0FEFh -ACONFIG=08007h-08008h -DCONFIG=2 \
  -AIDLOC=08000h-08003h -DIDLOC=2 -AEEDATA=00h-0FFh/0F000h \
  -peeprom_data=EEDATA -DEEDATA=2 -DCODE=2 -DSTRCODE=2 -DSTRING=2 -DCONST=2 \
  -DENTRY=2 -preset_vec=00h,intentry,init,end_init -ppowerup=CODE \
  -pcinit=CODE -pfunctab=ENTRY -k \
  C:\Users\LUCA~1.CAM\AppData\Local\Temp\xcAs1qo.o \
  dist/default/production\P33_ADC_bis.X.production.o 

Object code version is 3.11

Machine type is 16F1827



                Name                               Link     Load   Length Selector   Space Scale
C:\Users\LUCA~1.CAM\AppData\Local\Temp\xcAs1qo.o
                end_init                              2        2        2        0       0
                reset_vec                             0        0        2        0       0
                config                             8007     8007        2        0       4
                idloc                              8000     8000        4        0       5
dist/default/production\P33_ADC_bis.X.production.o
                cinit                               7E9      7E9       17      FD2       0
                config                             8007     8007        2        0       4
                idloc                              8000     8000        4        0       5
                text67                              E44      E44        3     1C88       0
                text66                              E47      E47        3     1C8E       0
                text65                              E4A      E4A        3     1C94       0
                text64                              E4D      E4D        3     1C9A       0
                text63                              FE4      FE4       1C     1FC8       0
                text62                              E50      E50        3     1CA0       0
                text61                              E53      E53        3     1CA6       0
                text60                              E56      E56        3     1CAC       0
                text59                              F1B      F1B       10     1E36       0
                text58                               5F       5F       26       BE       0
                text57                              EE7      EE7        D     1DCE       0
                text56                              F4B      F4B       11     1E96       0
                text55                              F5C      F5C       11     1EB8       0
                text54                              F6D      F6D       11     1EDA       0
                text53                              F7E      F7E       11     1EFC       0
                text52                              FCC      FCC       18     1F98       0
                text51                              E40      E40        2     1C80       0
                text50                              E42      E42        2     1C84       0
                text49                              E59      E59        3     1CB2       0
                text48                              E62      E62        4     1CC4       0
                text47                              E5C      E5C        3     1CB8       0
                text46                              E66      E66        4     1CCC       0
                text45                              E6E      E6E        5     1CDC       0
                text44                              EA5      EA5        6     1D4A       0
                text43                              E5F      E5F        3     1CBE       0
                text42                              107      107       2F      20E       0
                text41                              E73      E73        5     1CE6       0
                text40                              ED5      ED5        9     1DAA       0
                text39                              EC5      EC5        8     1D8A       0
                text38                              209      209       55      412       0
                text37                              170      170       46      2E0       0
                text36                              EB7      EB7        7     1D6E       0
                text35                              E78      E78        5     1CF0       0
                text34                              E7D      E7D        5     1CFA       0
                text33                              E82      E82        5     1D04       0
                text32                              E87      E87        5     1D0E       0
                text31                              E8C      E8C        5     1D18       0
                text30                              E91      E91        5     1D22       0
                text29                              E96      E96        5     1D2C       0
                text28                              E9B      E9B        5     1D36       0
                text27                               AD       AD       2C      15A       0
                text26                               D9       D9       2E      1B2       0
                text25                              EAB      EAB        6     1D56       0
                text24                              EF4      EF4        D     1DE8       0
                text23                               19       19       23       32       0
                text22                              EA0      EA0        5     1D40       0
                text21                              F01      F01        D     1E02       0
                text20                              136      136       3A      26C       0
                text19                              F0E      F0E        D     1E1C       0
                text18                               85       85       28      10A       0
                text17                              FA2      FA2       14     1F44       0
                text16                              F8F      F8F       13     1F1E       0
                text15                              F2B      F2B       10     1E56       0
                text14                              FB6      FB6       16     1F6C       0
                text13                              332      332       89      664       0
                text12                              ECD      ECD        8     1D9A       0
                text11                              EDE      EDE        9     1DBC       0
                text10                              EBE      EBE        7     1D7C       0
                text9                                 4        4       15        0       0
                text8                               E6A      E6A        4     1CD4       0
                text7                               F3B      F3B       10     1E76       0
                text6                               25E      25E       5F      4BC       0
                text5                               1B6      1B6       53      36C       0
                text4                                3C       3C       23       78       0
                text3                               592      592      257      B24       0
                text2                               2BD      2BD       75      57A       0
                text1                               3BB      3BB       AC      776       0
                maintext                            467      467      12B      8CE       0
                cstackBANK0                          20       20       28       20       1
                cstackCOMMON                         70       70        E       70       1
                clrtext                             EB1      EB1        6     1D62       0
                bssBANK1                             A0       A0       1D       A0       1
                dataBANK0                            62       62        1       20       1
                bssBANK0                             48       48       19       20       1
                nvBANK0                              61       61        1       20       1
                stringtext1                         800      800       20     1000       0
                idataBANK0                          E3F      E3F        1     1C7E       0

TOTAL           Name                               Link     Load   Length     Space
        CLASS   CODE           
                end_init                              2        2        2         0
                cinit                               7E9      7E9       17         0
                reset_vec                             0        0        2         0
                text67                              E44      E44        3         0
                text66                              E47      E47        3         0
                text65                              E4A      E4A        3         0
                text64                              E4D      E4D        3         0
                text63                              FE4      FE4       1C         0
                text62                              E50      E50        3         0
                text61                              E53      E53        3         0
                text60                              E56      E56        3         0
                text59                              F1B      F1B       10         0
                text58                               5F       5F       26         0
                text57                              EE7      EE7        D         0
                text56                              F4B      F4B       11         0
                text55                              F5C      F5C       11         0
                text54                              F6D      F6D       11         0
                text53                              F7E      F7E       11         0
                text52                              FCC      FCC       18         0
                text51                              E40      E40        2         0
                text50                              E42      E42        2         0
                text49                              E59      E59        3         0
                text48                              E62      E62        4         0
                text47                              E5C      E5C        3         0
                text46                              E66      E66        4         0
                text45                              E6E      E6E        5         0
                text44                              EA5      EA5        6         0
                text43                              E5F      E5F        3         0
                text42                              107      107       2F         0
                text41                              E73      E73        5         0
                text40                              ED5      ED5        9         0
                text39                              EC5      EC5        8         0
                text38                              209      209       55         0
                text37                              170      170       46         0
                text36                              EB7      EB7        7         0
                text35                              E78      E78        5         0
                text34                              E7D      E7D        5         0
                text33                              E82      E82        5         0
                text32                              E87      E87        5         0
                text31                              E8C      E8C        5         0
                text30                              E91      E91        5         0
                text29                              E96      E96        5         0
                text28                              E9B      E9B        5         0
                text27                               AD       AD       2C         0
                text26                               D9       D9       2E         0
                text25                              EAB      EAB        6         0
                text24                              EF4      EF4        D         0
                text23                               19       19       23         0
                text22                              EA0      EA0        5         0
                text21                              F01      F01        D         0
                text20                              136      136       3A         0
                text19                              F0E      F0E        D         0
                text18                               85       85       28         0
                text17                              FA2      FA2       14         0
                text16                              F8F      F8F       13         0
                text15                              F2B      F2B       10         0
                text14                              FB6      FB6       16         0
                text13                              332      332       89         0
                text12                              ECD      ECD        8         0
                text11                              EDE      EDE        9         0
                text10                              EBE      EBE        7         0
                text9                                 4        4       15         0
                text8                               E6A      E6A        4         0
                text7                               F3B      F3B       10         0
                text6                               25E      25E       5F         0
                text5                               1B6      1B6       53         0
                text4                                3C       3C       23         0
                text3                               592      592      257         0
                text2                               2BD      2BD       75         0
                text1                               3BB      3BB       AC         0
                maintext                            467      467      12B         0
                clrtext                             EB1      EB1        6         0
                idataBANK0                          E3F      E3F        1         0

        CLASS   STRCODE        
                stringtext1                         800      800       20         0

        CLASS   STRING         

        CLASS   CONST          

        CLASS   ENTRY          

        CLASS   COMMON         
                cstackCOMMON                         70       70        E         1

        CLASS   BANK0          
                cstackBANK0                          20       20       28         1
                dataBANK0                            62       62        1         1
                bssBANK0                             48       48       19         1
                nvBANK0                              61       61        1         1

        CLASS   BANK1          
                bssBANK1                             A0       A0       1D         1

        CLASS   BANK2          

        CLASS   BANK3          

        CLASS   BANK4          

        CLASS   BIGRAM         

        CLASS   RAM            

        CLASS   ABS1           
                abs_s1                               7E       7E        2         1

        CLASS   SFR0           

        CLASS   SFR1           

        CLASS   SFR2           

        CLASS   SFR3           

        CLASS   SFR4           

        CLASS   SFR5           

        CLASS   SFR6           

        CLASS   SFR7           

        CLASS   SFR8           

        CLASS   SFR9           

        CLASS   SFR10          

        CLASS   SFR11          

        CLASS   SFR12          

        CLASS   SFR13          

        CLASS   SFR14          

        CLASS   SFR15          

        CLASS   SFR16          

        CLASS   SFR17          

        CLASS   SFR18          

        CLASS   SFR19          

        CLASS   SFR20          

        CLASS   SFR21          

        CLASS   SFR22          

        CLASS   SFR23          

        CLASS   SFR24          

        CLASS   SFR25          

        CLASS   SFR26          

        CLASS   SFR27          

        CLASS   SFR28          

        CLASS   SFR29          

        CLASS   SFR30          

        CLASS   SFR31          

        CLASS   CONFIG         
                config                             8007     8007        2         4

        CLASS   IDLOC          
                idloc                              8000     8000        4         5

        CLASS   EEDATA         

        CLASS   BANK31         

        CLASS   BANK30         

        CLASS   BANK29         

        CLASS   BANK28         

        CLASS   BANK27         

        CLASS   BANK26         

        CLASS   BANK25         

        CLASS   BANK24         

        CLASS   BANK23         

        CLASS   BANK22         

        CLASS   BANK21         

        CLASS   BANK20         

        CLASS   BANK19         

        CLASS   BANK18         

        CLASS   BANK17         

        CLASS   BANK16         

        CLASS   BANK15         

        CLASS   BANK14         

        CLASS   BANK13         

        CLASS   BANK12         

        CLASS   BANK11         

        CLASS   BANK10         

        CLASS   BANK9          

        CLASS   BANK8          

        CLASS   BANK7          

        CLASS   BANK6          

        CLASS   BANK5          

        CLASS   HEAP           

        CLASS   STACK          



SEGMENTS        Name                           Load    Length   Top    Selector   Space  Class     Delta

                reset_vec                      000000  000019  000019         0       0  CODE        2
                cstackBANK0                    000020  000043  000063        20       1  BANK0       1
                text23                         000019  000023  00003C        32       0  CODE        2
                cstackCOMMON                   000070  00000E  00007E        70       1  COMMON      1
                text4                          00003C  000023  00005F        78       0  CODE        2
                bssBANK1                       0000A0  00001D  0000BD        A0       1  BANK1       1
                text58                         00005F  000026  000085        BE       0  CODE        2
                text18                         000085  000028  0000AD       10A       0  CODE        2
                text27                         0000AD  00002C  0000D9       15A       0  CODE        2
                text26                         0000D9  00002E  000107       1B2       0  CODE        2
                text42                         000107  00002F  000136       20E       0  CODE        2
                text20                         000136  00003A  000170       26C       0  CODE        2
                text37                         000170  000046  0001B6       2E0       0  CODE        2
                text5                          0001B6  000053  000209       36C       0  CODE        2
                text38                         000209  000055  00025E       412       0  CODE        2
                text6                          00025E  00005F  0002BD       4BC       0  CODE        2
                text2                          0002BD  000075  000332       57A       0  CODE        2
                text13                         000332  000089  0003BB       664       0  CODE        2
                text1                          0003BB  0000AC  000467       776       0  CODE        2
                maintext                       000467  00012B  000592       8CE       0  CODE        2
                text3                          000592  000257  0007E9       B24       0  CODE        2
                cinit                          0007E9  000017  000800       FD2       0  CODE        2
                stringtext1                    000800  000020  000820      1000       0  STRCODE     2
                idataBANK0                     000E3F  000001  000E40      1C7E       0  CODE        2
                text51                         000E40  000002  000E42      1C80       0  CODE        2
                text50                         000E42  000002  000E44      1C84       0  CODE        2
                text67                         000E44  000003  000E47      1C88       0  CODE        2
                text66                         000E47  000003  000E4A      1C8E       0  CODE        2
                text65                         000E4A  000003  000E4D      1C94       0  CODE        2
                text64                         000E4D  000003  000E50      1C9A       0  CODE        2
                text62                         000E50  000003  000E53      1CA0       0  CODE        2
                text61                         000E53  000003  000E56      1CA6       0  CODE        2
                text60                         000E56  000003  000E59      1CAC       0  CODE        2
                text49                         000E59  000003  000E5C      1CB2       0  CODE        2
                text47                         000E5C  000003  000E5F      1CB8       0  CODE        2
                text43                         000E5F  000003  000E62      1CBE       0  CODE        2
                text48                         000E62  000004  000E66      1CC4       0  CODE        2
                text46                         000E66  000004  000E6A      1CCC       0  CODE        2
                text8                          000E6A  000004  000E6E      1CD4       0  CODE        2
                text45                         000E6E  000005  000E73      1CDC       0  CODE        2
                text41                         000E73  000005  000E78      1CE6       0  CODE        2
                text35                         000E78  000005  000E7D      1CF0       0  CODE        2
                text34                         000E7D  000005  000E82      1CFA       0  CODE        2
                text33                         000E82  000005  000E87      1D04       0  CODE        2
                text32                         000E87  000005  000E8C      1D0E       0  CODE        2
                text31                         000E8C  000005  000E91      1D18       0  CODE        2
                text30                         000E91  000005  000E96      1D22       0  CODE        2
                text29                         000E96  000005  000E9B      1D2C       0  CODE        2
                text28                         000E9B  000005  000EA0      1D36       0  CODE        2
                text22                         000EA0  000005  000EA5      1D40       0  CODE        2
                text44                         000EA5  000006  000EAB      1D4A       0  CODE        2
                text25                         000EAB  000006  000EB1      1D56       0  CODE        2
                clrtext                        000EB1  000006  000EB7      1D62       0  CODE        2
                text36                         000EB7  000007  000EBE      1D6E       0  CODE        2
                text10                         000EBE  000007  000EC5      1D7C       0  CODE        2
                text39                         000EC5  000008  000ECD      1D8A       0  CODE        2
                text12                         000ECD  000008  000ED5      1D9A       0  CODE        2
                text40                         000ED5  000009  000EDE      1DAA       0  CODE        2
                text11                         000EDE  000009  000EE7      1DBC       0  CODE        2
                text57                         000EE7  00000D  000EF4      1DCE       0  CODE        2
                text24                         000EF4  00000D  000F01      1DE8       0  CODE        2
                text21                         000F01  00000D  000F0E      1E02       0  CODE        2
                text19                         000F0E  00000D  000F1B      1E1C       0  CODE        2
                text59                         000F1B  000010  000F2B      1E36       0  CODE        2
                text15                         000F2B  000010  000F3B      1E56       0  CODE        2
                text7                          000F3B  000010  000F4B      1E76       0  CODE        2
                text56                         000F4B  000011  000F5C      1E96       0  CODE        2
                text55                         000F5C  000011  000F6D      1EB8       0  CODE        2
                text54                         000F6D  000011  000F7E      1EDA       0  CODE        2
                text53                         000F7E  000011  000F8F      1EFC       0  CODE        2
                text16                         000F8F  000013  000FA2      1F1E       0  CODE        2
                text17                         000FA2  000014  000FB6      1F44       0  CODE        2
                text14                         000FB6  000016  000FCC      1F6C       0  CODE        2
                text52                         000FCC  000018  000FE4      1F98       0  CODE        2
                text63                         000FE4  00001C  001000      1FC8       0  CODE        2


UNUSED ADDRESS RANGES

        Name                Unused          Largest block    Delta
        BANK0            00063-0006F               D           1
        BANK1            000BD-000EF              33           1
        BANK2            00120-0016F              50           1
        BANK3            001A0-001EF              50           1
        BANK4            00220-0024F              30           1
        BIGRAM           02000-0216F             170           1
        CODE             00820-00E3E             61F           2
        CONST            00820-00E3E             100           2
        EEDATA           0F000-0F0FF             100           2
        ENTRY            00820-00E3E             100           2
        RAM              00063-0006F               D           1
                         000BD-000EF              33
                         00120-0016F              50
                         001A0-001EF              50
                         00220-0024F              30
        SFR0             00000-0001F              20           1
        SFR1             00080-0009F              20           1
        SFR10            00500-0056F              70           1
        SFR11            00580-005EF              70           1
        SFR12            00600-0066F              70           1
        SFR13            00680-006EF              70           1
        SFR14            00700-0076F              70           1
        SFR15            00780-007EF              70           1
        SFR16            00800-0086F              70           1
        SFR17            00880-008EF              70           1
        SFR18            00900-0096F              70           1
        SFR19            00980-009EF              70           1
        SFR2             00100-0011F              20           1
        SFR20            00A00-00A6F              70           1
        SFR21            00A80-00AEF              70           1
        SFR22            00B00-00B6F              70           1
        SFR23            00B80-00BEF              70           1
        SFR24            00C00-00C6F              70           1
        SFR25            00C80-00CEF              70           1
        SFR26            00D00-00D6F              70           1
        SFR27            00D80-00DEF              70           1
        SFR28            00E00-00E6F              70           1
        SFR29            00E80-00EEF              70           1
        SFR3             00180-0019F              20           1
        SFR30            00F00-00F6F              70           1
        SFR31            00F80-00FEF              70           1
        SFR4             00200-0021F              20           1
        SFR5             00280-002EF              70           1
        SFR6             00300-0036F              70           1
        SFR7             00380-003EF              70           1
        SFR8             00400-0046F              70           1
        SFR9             00480-004EF              70           1
        STRCODE          00820-00E3E             61F           2
        STRING           00820-00E3E             100           2

                                  Symbol Table

?__Umul8_16                           cstackCOMMON 00070
?___awdiv                             cstackCOMMON 00070
?___awmod                             cstackCOMMON 00070
?___flmul                             cstackBANK0  00020
?___fltol                             cstackBANK0  0003A
?___xxtofl                            cstackCOMMON 00070
I2C1_CallbackReturnReset@funPtr       cstackCOMMON 00079
I2C1_Close@returnValue                cstackCOMMON 00071
I2C1_MasterOperation@read             cstackBANK0  00023
I2C1_MasterOperation@returnValue      cstackBANK0  00024
I2C1_MasterSendTxData@data            cstackCOMMON 00070
I2C1_Open@address                     cstackCOMMON 00071
I2C1_Open@returnValue                 cstackCOMMON 00072
I2C1_SetAddressNackCallback@cb        cstackCOMMON 00075
I2C1_SetAddressNackCallback@ptr       cstackCOMMON 00077
I2C1_SetBuffer@buffer                 cstackCOMMON 00073
I2C1_SetBuffer@bufferSize             cstackCOMMON 00070
I2C1_SetCallback@cb                   cstackCOMMON 00070
I2C1_SetCallback@idx                  cstackCOMMON 00074
I2C1_SetCallback@ptr                  cstackCOMMON 00072
I2C1_SetDataCompleteCallback@cb       cstackCOMMON 00075
I2C1_SetDataCompleteCallback@ptr      cstackCOMMON 00077
I2C1_WriteNBytes@address              cstackBANK0  00028
I2C1_WriteNBytes@data                 cstackBANK0  00025
I2C1_WriteNBytes@len                  cstackBANK0  00026
IO_Expander_Write@Data                cstackBANK0  0002A
IO_Expander_Write@dt                  cstackBANK0  0002B
IO_pulseEnable@Data                   cstackBANK0  0002C
LCD_CMD@CMD                           cstackBANK0  00030
LCD_Init@I2C_Add                      cstackBANK0  00033
LCD_Write_4Bit@Data                   cstackBANK0  0002E
_ADCON0                               (abs)        0009D
_ADCON0bits                           (abs)        0009D
_ADCON1                               (abs)        0009E
_ADC_Initialize                       text12       00ECD
_ADC_StartConversion                  text67       00E44
_ADRESH                               (abs)        0009C
_ADRESL                               (abs)        0009B
_ANSELA                               (abs)        0018C
_ANSELB                               (abs)        0018D
_APFCON0                              (abs)        0011D
_APFCON1                              (abs)        0011E
_BORCON                               (abs)        00116
_BackLight_State                      dataBANK0    00062
_I2C1_CallbackReturnReset             text50       00E42
_I2C1_CallbackReturnStop              text51       00E40
_I2C1_Close                           text63       00FE4
_I2C1_DO_ADDRESS_NACK                 text27       000AD
_I2C1_DO_IDLE                         text41       00E73
_I2C1_DO_RCEN                         text36       00EB7
_I2C1_DO_RESET                        text28       00E9B
_I2C1_DO_RX                           text37       00170
_I2C1_DO_RX_ACK                       text31       00E8C
_I2C1_DO_RX_NACK_RESTART              text29       00E96
_I2C1_DO_RX_NACK_STOP                 text30       00E91
_I2C1_DO_SEND_ADR_READ                text40       00ED5
_I2C1_DO_SEND_ADR_WRITE               text39       00EC5
_I2C1_DO_SEND_RESTART                 text33       00E82
_I2C1_DO_SEND_RESTART_READ            text35       00E78
_I2C1_DO_SEND_RESTART_WRITE           text34       00E7D
_I2C1_DO_SEND_STOP                    text32       00E87
_I2C1_DO_TX                           text38       00209
_I2C1_DO_TX_EMPTY                     text42       00107
_I2C1_Initialize                      text11       00EDE
_I2C1_MasterClearIrq                  text66       00E47
_I2C1_MasterClose                     text65       00E4A
_I2C1_MasterDisableIrq                text64       00E4D
_I2C1_MasterEnableRestart             text61       00E53
_I2C1_MasterFsm                       text26       000D9
_I2C1_MasterGetRxData                 text47       00E5C
_I2C1_MasterIsNack                    text44       00EA5
_I2C1_MasterOpen                      text21       00F01
_I2C1_MasterOperation                 text23       00019
_I2C1_MasterSendAck                   text46       00E66
_I2C1_MasterSendNack                  text48       00E62
_I2C1_MasterSendTxData                text45       00E6E
_I2C1_MasterSetIrq                    text43       00E5F
_I2C1_MasterStart                     text62       00E50
_I2C1_MasterStartRx                   text49       00E59
_I2C1_MasterStop                      text60       00E56
_I2C1_MasterWaitForEvent              text25       00EAB
_I2C1_MasterWrite                     text22       00EA0
_I2C1_Open                            text20       00136
_I2C1_Poller                          text24       00EF4
_I2C1_SetAddressNackCallback          text19       00F0E
_I2C1_SetBuffer                       text59       00F1B
_I2C1_SetCallback                     text58       0005F
_I2C1_SetDataCompleteCallback         text57       00EE7
_I2C1_Status                          bssBANK1     000A0
_I2C1_WriteNBytes                     text18       00085
_IO_Expander_Write                    text17       00FA2
_IO_pulseEnable                       text16       00F8F
_LATA                                 (abs)        0010C
_LATB                                 (abs)        0010D
_LCD_CMD                              text14       00FB6
_LCD_Init                             text13       00332
_LCD_Write_4Bit                       text15       00F2B
_OPTION_REGbits                       (abs)        00095
_OSCCON                               (abs)        00099
_OSCILLATOR_Initialize                text10       00EBE
_OSCTUNE                              (abs)        00098
_PIE1bits                             (abs)        00091
_PIN_MANAGER_Initialize               text9        00004
_PIR1bits                             (abs)        00011
_PIR2bits                             (abs)        00012
_RS                                   bssBANK0     00060
_SSP1ADD                              (abs)        00212
_SSP1BUF                              (abs)        00211
_SSP1CON1                             (abs)        00215
_SSP1CON1bits                         (abs)        00215
_SSP1CON2                             (abs)        00216
_SSP1CON2bits                         (abs)        00216
_SSP1STAT                             (abs)        00214
_SSP1STATbits                         (abs)        00214
_SYSTEM_Initialize                    text7        00F3B
_TRISA                                (abs)        0008C
_TRISB                                (abs)        0008D
_WDTCON                               (abs)        00097
_WDT_Initialize                       text8        00E6A
_WPUA                                 (abs)        0020C
_WPUB                                 (abs)        0020D
__Habs1                               abs1         00000
__Hbank0                              bank0        00000
__Hbank1                              bank1        00000
__Hbank10                             bank10       00000
__Hbank11                             bank11       00000
__Hbank12                             bank12       00000
__Hbank13                             bank13       00000
__Hbank14                             bank14       00000
__Hbank15                             bank15       00000
__Hbank16                             bank16       00000
__Hbank17                             bank17       00000
__Hbank18                             bank18       00000
__Hbank19                             bank19       00000
__Hbank2                              bank2        00000
__Hbank20                             bank20       00000
__Hbank21                             bank21       00000
__Hbank22                             bank22       00000
__Hbank23                             bank23       00000
__Hbank24                             bank24       00000
__Hbank25                             bank25       00000
__Hbank26                             bank26       00000
__Hbank27                             bank27       00000
__Hbank28                             bank28       00000
__Hbank29                             bank29       00000
__Hbank3                              bank3        00000
__Hbank30                             bank30       00000
__Hbank31                             bank31       00000
__Hbank4                              bank4        00000
__Hbank5                              bank5        00000
__Hbank6                              bank6        00000
__Hbank7                              bank7        00000
__Hbank8                              bank8        00000
__Hbank9                              bank9        00000
__Hbigram                             bigram       00000
__HbssBANK0                           bssBANK0     00000
__HbssBANK1                           bssBANK1     00000
__Hcinit                              cinit        00800
__Hclrtext                            clrtext      00000
__Hcode                               code         00000
__Hcommon                             common       00000
__Hconfig                             config       08009
__HcstackBANK0                        cstackBANK0  00000
__HcstackCOMMON                       cstackCOMMON 00000
__HdataBANK0                          dataBANK0    00000
__Heeprom_data                        eeprom_data  00000
__Hend_init                           end_init     00004
__Hfunctab                            functab      00000
__Hheap                               heap         00000
__HidataBANK0                         idataBANK0   00000
__Hidloc                              idloc        08004
__Hinit                               init         00002
__Hintentry                           intentry     00002
__Hmaintext                           maintext     00000
__HnvBANK0                            nvBANK0      00000
__Hpowerup                            powerup      00000
__Hram                                ram          00000
__Hreset_vec                          reset_vec    00002
__Hsfr0                               sfr0         00000
__Hsfr1                               sfr1         00000
__Hsfr10                              sfr10        00000
__Hsfr11                              sfr11        00000
__Hsfr12                              sfr12        00000
__Hsfr13                              sfr13        00000
__Hsfr14                              sfr14        00000
__Hsfr15                              sfr15        00000
__Hsfr16                              sfr16        00000
__Hsfr17                              sfr17        00000
__Hsfr18                              sfr18        00000
__Hsfr19                              sfr19        00000
__Hsfr2                               sfr2         00000
__Hsfr20                              sfr20        00000
__Hsfr21                              sfr21        00000
__Hsfr22                              sfr22        00000
__Hsfr23                              sfr23        00000
__Hsfr24                              sfr24        00000
__Hsfr25                              sfr25        00000
__Hsfr26                              sfr26        00000
__Hsfr27                              sfr27        00000
__Hsfr28                              sfr28        00000
__Hsfr29                              sfr29        00000
__Hsfr3                               sfr3         00000
__Hsfr30                              sfr30        00000
__Hsfr31                              sfr31        00000
__Hsfr4                               sfr4         00000
__Hsfr5                               sfr5         00000
__Hsfr6                               sfr6         00000
__Hsfr7                               sfr7         00000
__Hsfr8                               sfr8         00000
__Hsfr9                               sfr9         00000
__Hspace_0                            (abs)        01000
__Hspace_1                            (abs)        000BD
__Hspace_2                            (abs)        00000
__Hspace_3                            (abs)        00000
__Hspace_4                            (abs)        10010
__Hstack                              stack        00000
__Hstrings                            strings      00000
__Hstringtext1                        stringtext1  00000
__Htext                               text         00000
__Labs1                               abs1         00000
__Lbank0                              bank0        00000
__Lbank1                              bank1        00000
__Lbank10                             bank10       00000
__Lbank11                             bank11       00000
__Lbank12                             bank12       00000
__Lbank13                             bank13       00000
__Lbank14                             bank14       00000
__Lbank15                             bank15       00000
__Lbank16                             bank16       00000
__Lbank17                             bank17       00000
__Lbank18                             bank18       00000
__Lbank19                             bank19       00000
__Lbank2                              bank2        00000
__Lbank20                             bank20       00000
__Lbank21                             bank21       00000
__Lbank22                             bank22       00000
__Lbank23                             bank23       00000
__Lbank24                             bank24       00000
__Lbank25                             bank25       00000
__Lbank26                             bank26       00000
__Lbank27                             bank27       00000
__Lbank28                             bank28       00000
__Lbank29                             bank29       00000
__Lbank3                              bank3        00000
__Lbank30                             bank30       00000
__Lbank31                             bank31       00000
__Lbank4                              bank4        00000
__Lbank5                              bank5        00000
__Lbank6                              bank6        00000
__Lbank7                              bank7        00000
__Lbank8                              bank8        00000
__Lbank9                              bank9        00000
__Lbigram                             bigram       00000
__LbssBANK0                           bssBANK0     00000
__LbssBANK1                           bssBANK1     00000
__Lcinit                              cinit        007E9
__Lclrtext                            clrtext      00000
__Lcode                               code         00000
__Lcommon                             common       00000
__Lconfig                             config       00000
__LcstackBANK0                        cstackBANK0  00000
__LcstackCOMMON                       cstackCOMMON 00000
__LdataBANK0                          dataBANK0    00000
__Leeprom_data                        eeprom_data  00000
__Lend_init                           end_init     00002
__Lfunctab                            functab      00000
__Lheap                               heap         00000
__LidataBANK0                         idataBANK0   00000
__Lidloc                              idloc        00000
__Linit                               init         00002
__Lintentry                           intentry     00002
__Lmaintext                           maintext     00000
__LnvBANK0                            nvBANK0      00000
__Lpowerup                            powerup      00000
__Lram                                ram          00000
__Lreset_vec                          reset_vec    00000
__Lsfr0                               sfr0         00000
__Lsfr1                               sfr1         00000
__Lsfr10                              sfr10        00000
__Lsfr11                              sfr11        00000
__Lsfr12                              sfr12        00000
__Lsfr13                              sfr13        00000
__Lsfr14                              sfr14        00000
__Lsfr15                              sfr15        00000
__Lsfr16                              sfr16        00000
__Lsfr17                              sfr17        00000
__Lsfr18                              sfr18        00000
__Lsfr19                              sfr19        00000
__Lsfr2                               sfr2         00000
__Lsfr20                              sfr20        00000
__Lsfr21                              sfr21        00000
__Lsfr22                              sfr22        00000
__Lsfr23                              sfr23        00000
__Lsfr24                              sfr24        00000
__Lsfr25                              sfr25        00000
__Lsfr26                              sfr26        00000
__Lsfr27                              sfr27        00000
__Lsfr28                              sfr28        00000
__Lsfr29                              sfr29        00000
__Lsfr3                               sfr3         00000
__Lsfr30                              sfr30        00000
__Lsfr31                              sfr31        00000
__Lsfr4                               sfr4         00000
__Lsfr5                               sfr5         00000
__Lsfr6                               sfr6         00000
__Lsfr7                               sfr7         00000
__Lsfr8                               sfr8         00000
__Lsfr9                               sfr9         00000
__Lspace_0                            (abs)        00000
__Lspace_1                            (abs)        00000
__Lspace_2                            (abs)        00000
__Lspace_3                            (abs)        00000
__Lspace_4                            (abs)        00000
__Lstack                              stack        00000
__Lstrings                            strings      00000
__Lstringtext1                        stringtext1  00000
__Ltext                               text         00000
__S0                                  (abs)        01000
__S1                                  (abs)        000BD
__S3                                  (abs)        00000
__Umul8_16                            text4        0003C
__Umul8_16@multiplicand               cstackCOMMON 00070
__Umul8_16@multiplier                 cstackCOMMON 00078
__Umul8_16@product                    cstackCOMMON 00074
__Umul8_16@word_mpld                  cstackCOMMON 00076
___awdiv                              text6        0025E
___awdiv@counter                      cstackCOMMON 00075
___awdiv@dividend                     cstackCOMMON 00072
___awdiv@divisor                      cstackCOMMON 00070
___awdiv@quotient                     cstackCOMMON 00077
___awdiv@sign                         cstackCOMMON 00076
___awmod                              text5        001B6
___awmod@counter                      cstackCOMMON 00075
___awmod@dividend                     cstackCOMMON 00072
___awmod@divisor                      cstackCOMMON 00070
___awmod@sign                         cstackCOMMON 00076
___flmul                              text3        00592
___flmul@a                            cstackBANK0  00024
___flmul@aexp                         cstackBANK0  00032
___flmul@b                            cstackBANK0  00020
___flmul@bexp                         cstackBANK0  00033
___flmul@grs                          cstackBANK0  0002E
___flmul@prod                         cstackBANK0  00034
___flmul@sign                         cstackBANK0  0002D
___flmul@temp                         cstackBANK0  00038
___fltol                              text2        002BD
___fltol@exp1                         cstackBANK0  00044
___fltol@f1                           cstackBANK0  0003A
___fltol@sign1                        cstackBANK0  00043
___heap_hi                            (abs)        00000
___heap_lo                            (abs)        00000
___int_sp                             stack        00000
___latbits                            (abs)        00001
___sp                                 stack        00000
___stackhi                            (abs)        00000
___stacklo                            (abs)        00000
___xxtofl                             text1        003BB
___xxtofl@arg                         cstackCOMMON 0007A
___xxtofl@exp                         cstackCOMMON 00079
___xxtofl@sign                        cstackCOMMON 00078
___xxtofl@val                         cstackCOMMON 00070
__end_of_ADC_Initialize               text12       00ED5
__end_of_ADC_StartConversion          text67       00E47
__end_of_I2C1_CallbackReturnReset     text50       00E44
__end_of_I2C1_CallbackReturnStop      text51       00E42
__end_of_I2C1_Close                   text63       01000
__end_of_I2C1_DO_ADDRESS_NACK         text27       000D9
__end_of_I2C1_DO_IDLE                 text41       00E78
__end_of_I2C1_DO_RCEN                 text36       00EBE
__end_of_I2C1_DO_RESET                text28       00EA0
__end_of_I2C1_DO_RX                   text37       001B6
__end_of_I2C1_DO_RX_ACK               text31       00E91
__end_of_I2C1_DO_RX_NACK_RESTART      text29       00E9B
__end_of_I2C1_DO_RX_NACK_STOP         text30       00E96
__end_of_I2C1_DO_SEND_ADR_READ        text40       00EDE
__end_of_I2C1_DO_SEND_ADR_WRITE       text39       00ECD
__end_of_I2C1_DO_SEND_RESTART         text33       00E87
__end_of_I2C1_DO_SEND_RESTART_READ    text35       00E7D
__end_of_I2C1_DO_SEND_RESTART_WRITE   text34       00E82
__end_of_I2C1_DO_SEND_STOP            text32       00E8C
__end_of_I2C1_DO_TX                   text38       0025E
__end_of_I2C1_DO_TX_EMPTY             text42       00136
__end_of_I2C1_Initialize              text11       00EE7
__end_of_I2C1_MasterClearIrq          text66       00E4A
__end_of_I2C1_MasterClose             text65       00E4D
__end_of_I2C1_MasterDisableIrq        text64       00E50
__end_of_I2C1_MasterEnableRestart     text61       00E56
__end_of_I2C1_MasterFsm               text26       00107
__end_of_I2C1_MasterGetRxData         text47       00E5F
__end_of_I2C1_MasterIsNack            text44       00EAB
__end_of_I2C1_MasterOpen              text21       00F0E
__end_of_I2C1_MasterOperation         text23       0003C
__end_of_I2C1_MasterSendAck           text46       00E6A
__end_of_I2C1_MasterSendNack          text48       00E66
__end_of_I2C1_MasterSendTxData        text45       00E73
__end_of_I2C1_MasterSetIrq            text43       00E62
__end_of_I2C1_MasterStart             text62       00E53
__end_of_I2C1_MasterStartRx           text49       00E5C
__end_of_I2C1_MasterStop              text60       00E59
__end_of_I2C1_MasterWaitForEvent      text25       00EB1
__end_of_I2C1_MasterWrite             text22       00EA5
__end_of_I2C1_Open                    text20       00170
__end_of_I2C1_Poller                  text24       00F01
__end_of_I2C1_SetAddressNackCallback  text19       00F1B
__end_of_I2C1_SetBuffer               text59       00F2B
__end_of_I2C1_SetCallback             text58       00085
__end_of_I2C1_SetDataCompleteCallback text57       00EF4
__end_of_I2C1_WriteNBytes             text18       000AD
__end_of_IO_Expander_Write            text17       00FB6
__end_of_IO_pulseEnable               text16       00FA2
__end_of_LCD_CMD                      text14       00FCC
__end_of_LCD_Init                     text13       003BB
__end_of_LCD_Write_4Bit               text15       00F3B
__end_of_OSCILLATOR_Initialize        text10       00EC5
__end_of_PIN_MANAGER_Initialize       text9        00019
__end_of_SYSTEM_Initialize            text7        00F4B
__end_of_WDT_Initialize               text8        00E6E
__end_of__Umul8_16                    text4        0005F
__end_of___awdiv                      text6        002BD
__end_of___awmod                      text5        00209
__end_of___flmul                      text3        007E9
__end_of___fltol                      text2        00332
__end_of___xxtofl                     text1        00467
__end_of__initialization              cinit        007FD
__end_of_i2c1_fsmStateTable           stringtext1  00820
__end_of_main                         maintext     00592
__end_of_rd1RegCompleteHandler        text55       00F6D
__end_of_rd2RegCompleteHandler        text54       00F7E
__end_of_rdBlkRegCompleteHandler      text52       00FE4
__end_of_wr1RegCompleteHandler        text53       00F8F
__end_of_wr2RegCompleteHandler        text56       00F5C
__initialization                      cinit        007E9
__pbssBANK0                           bssBANK0     00048
__pbssBANK1                           bssBANK1     000A0
__pcstackBANK0                        cstackBANK0  00020
__pcstackCOMMON                       cstackCOMMON 00070
__pdataBANK0                          dataBANK0    00062
__pidataBANK0                         idataBANK0   00E3F
__pmaintext                           maintext     00467
__pnvBANK0                            nvBANK0      00061
__pstringtext1                        stringtext1  00800
__ptext1                              text1        003BB
__ptext10                             text10       00EBE
__ptext11                             text11       00EDE
__ptext12                             text12       00ECD
__ptext13                             text13       00332
__ptext14                             text14       00FB6
__ptext15                             text15       00F2B
__ptext16                             text16       00F8F
__ptext17                             text17       00FA2
__ptext18                             text18       00085
__ptext19                             text19       00F0E
__ptext2                              text2        002BD
__ptext20                             text20       00136
__ptext21                             text21       00F01
__ptext22                             text22       00EA0
__ptext23                             text23       00019
__ptext24                             text24       00EF4
__ptext25                             text25       00EAB
__ptext26                             text26       000D9
__ptext27                             text27       000AD
__ptext28                             text28       00E9B
__ptext29                             text29       00E96
__ptext3                              text3        00592
__ptext30                             text30       00E91
__ptext31                             text31       00E8C
__ptext32                             text32       00E87
__ptext33                             text33       00E82
__ptext34                             text34       00E7D
__ptext35                             text35       00E78
__ptext36                             text36       00EB7
__ptext37                             text37       00170
__ptext38                             text38       00209
__ptext39                             text39       00EC5
__ptext4                              text4        0003C
__ptext40                             text40       00ED5
__ptext41                             text41       00E73
__ptext42                             text42       00107
__ptext43                             text43       00E5F
__ptext44                             text44       00EA5
__ptext45                             text45       00E6E
__ptext46                             text46       00E66
__ptext47                             text47       00E5C
__ptext48                             text48       00E62
__ptext49                             text49       00E59
__ptext5                              text5        001B6
__ptext50                             text50       00E42
__ptext51                             text51       00E40
__ptext52                             text52       00FCC
__ptext53                             text53       00F7E
__ptext54                             text54       00F6D
__ptext55                             text55       00F5C
__ptext56                             text56       00F4B
__ptext57                             text57       00EE7
__ptext58                             text58       0005F
__ptext59                             text59       00F1B
__ptext6                              text6        0025E
__ptext60                             text60       00E56
__ptext61                             text61       00E53
__ptext62                             text62       00E50
__ptext63                             text63       00FE4
__ptext64                             text64       00E4D
__ptext65                             text65       00E4A
__ptext66                             text66       00E47
__ptext67                             text67       00E44
__ptext7                              text7        00F3B
__ptext8                              text8        00E6A
__ptext9                              text9        00004
_a0                                   bssBANK0     0005A
_a1                                   bssBANK0     00058
_b0                                   bssBANK0     00056
_b1                                   bssBANK0     00054
_c0                                   bssBANK0     00052
_c1                                   bssBANK0     00050
_i2c1_fsmStateTable                   stringtext1  00800
_i2c_add                              nvBANK0      00061
_main                                 maintext     00467
_rd1RegCompleteHandler                text55       00F5C
_rd2RegCompleteHandler                text54       00F6D
_rdBlkRegCompleteHandler              text52       00FCC
_resto0                               bssBANK0     0004E
_resto1                               bssBANK0     0004C
_risultato0                           bssBANK0     0004A
_risultato1                           bssBANK0     00048
_wr1RegCompleteHandler                text53       00F7E
_wr2RegCompleteHandler                text56       00F4B
_x                                    bssBANK0     0005C
btemp                                 (abs)        0007E
clear_ram0                            clrtext      00EB1
end_of_initialization                 cinit        007FD
intlevel0                             functab      00000
intlevel1                             functab      00000
intlevel2                             functab      00000
intlevel3                             functab      00000
intlevel4                             functab      00000
intlevel5                             functab      00000
rd1RegCompleteHandler@ptr             cstackCOMMON 00079
rd2RegCompleteHandler@ptr             cstackCOMMON 00079
rdBlkRegCompleteHandler@ptr           cstackCOMMON 00079
reset_vec                             reset_vec    00000
start                                 init         00002
start_initialization                  cinit        007E9
wr1RegCompleteHandler@ptr             cstackCOMMON 00079
wr2RegCompleteHandler@ptr             cstackCOMMON 00079
wtemp0                                (abs)        0007E


MODULE INFORMATION

Module		Function		Class		Link	Load	Size
mcc_generated_files/examples/i2c1_master_example.c
		_wr1RegCompleteHandler		CODE           	0F7E	0000	17
		_wr2RegCompleteHandler		CODE           	0F4B	0000	17
		_rdBlkRegCompleteHandler		CODE           	0FCC	0000	24
		_rd1RegCompleteHandler		CODE           	0F5C	0000	17
		_rd2RegCompleteHandler		CODE           	0F6D	0000	17
		_I2C1_WriteNBytes		CODE           	0085	0000	40

mcc_generated_files/examples/i2c1_master_example.c estimated size: 132

mcc_generated_files/i2c1_master.c
		_I2C1_DO_SEND_RESTART		CODE           	0E82	0000	5
		_I2C1_DO_TX_EMPTY		CODE           	0107	0000	47
		_I2C1_DO_SEND_RESTART_READ		CODE           	0E78	0000	5
		_I2C1_CallbackReturnStop		CODE           	0E40	0000	2
		_I2C1_DO_RX    		CODE           	0170	0000	70
		_I2C1_DO_TX    		CODE           	0209	0000	85
		_I2C1_SetAddressNackCallback		CODE           	0F0E	0000	13
		_I2C1_DO_IDLE  		CODE           	0E73	0000	5
		_I2C1_MasterOpen		CODE           	0F01	0000	13
		_I2C1_DO_RCEN  		CODE           	0EB7	0000	7
		_I2C1_MasterSendTxData		CODE           	0E6E	0000	5
		_I2C1_MasterStop		CODE           	0E56	0000	3
		_I2C1_CallbackReturnReset		CODE           	0E42	0000	2
		_I2C1_DO_RESET 		CODE           	0E9B	0000	5
		_I2C1_MasterStartRx		CODE           	0E59	0000	3
		_I2C1_Poller   		CODE           	0EF4	0000	13
		_I2C1_DO_RX_ACK		CODE           	0E8C	0000	5
		_I2C1_MasterWaitForEvent		CODE           	0EAB	0000	6
		_I2C1_MasterSendNack		CODE           	0E62	0000	4
		_I2C1_DO_RX_NACK_RESTART		CODE           	0E96	0000	5
		_I2C1_MasterDisableIrq		CODE           	0E4D	0000	3
		_I2C1_MasterOperation		CODE           	0019	0000	35
		_I2C1_SetCallback		CODE           	005F	0000	38
		_I2C1_MasterEnableRestart		CODE           	0E53	0000	3
		_I2C1_Open     		CODE           	0136	0000	58
		_I2C1_DO_ADDRESS_NACK		CODE           	00AD	0000	44
		_I2C1_SetBuffer		CODE           	0F1B	0000	16
		_I2C1_DO_SEND_RESTART_WRITE		CODE           	0E7D	0000	5
		_I2C1_MasterClose		CODE           	0E4A	0000	3
		_I2C1_MasterWrite		CODE           	0EA0	0000	5
		_I2C1_Initialize		CODE           	0EDE	0000	9
		_I2C1_Close    		CODE           	0FE4	0000	28
		_I2C1_MasterIsNack		CODE           	0EA5	0000	6
		_I2C1_MasterStart		CODE           	0E50	0000	3
		_I2C1_DO_SEND_ADR_WRITE		CODE           	0EC5	0000	8
		_I2C1_MasterClearIrq		CODE           	0E47	0000	3
		_I2C1_SetDataCompleteCallback		CODE           	0EE7	0000	13
		_I2C1_DO_SEND_STOP		CODE           	0E87	0000	5
		_I2C1_MasterSendAck		CODE           	0E66	0000	4
		_I2C1_MasterFsm		CODE           	00D9	0000	46
		_I2C1_MasterGetRxData		CODE           	0E5C	0000	3
		_I2C1_MasterSetIrq		CODE           	0E5F	0000	3
		_I2C1_DO_SEND_ADR_READ		CODE           	0ED5	0000	9
		_I2C1_DO_RX_NACK_STOP		CODE           	0E91	0000	5

mcc_generated_files/i2c1_master.c estimated size: 658

C:\Program Files\Microchip\xc8\v2.35\pic\sources\c99\common\Umul8_16.c
		__Umul8_16     		CODE           	003C	0000	35

C:\Program Files\Microchip\xc8\v2.35\pic\sources\c99\common\Umul8_16.c estimated size: 35

C:\Program Files\Microchip\xc8\v2.35\pic\sources\c99\common\sprcmul.c
		___flmul       		CODE           	0592	0000	599

C:\Program Files\Microchip\xc8\v2.35\pic\sources\c99\common\sprcmul.c estimated size: 599

C:\Program Files\Microchip\xc8\v2.35\pic\sources\c99\common\awdiv.c
		___awdiv       		CODE           	025E	0000	95

C:\Program Files\Microchip\xc8\v2.35\pic\sources\c99\common\awdiv.c estimated size: 95

mcc_generated_files/pin_manager.c
		_PIN_MANAGER_Initialize		CODE           	0004	0000	21

mcc_generated_files/pin_manager.c estimated size: 21

./LCD2004a.c
		_LCD_Init      		CODE           	0332	0000	137
		_LCD_Write_4Bit		CODE           	0F2B	0000	16
		_LCD_CMD       		CODE           	0FB6	0000	22
		_IO_Expander_Write		CODE           	0FA2	0000	20
		_IO_pulseEnable		CODE           	0F8F	0000	19

./LCD2004a.c estimated size: 214

C:\Program Files\Microchip\xc8\v2.35\pic\sources\c99\common\fltol.c
		___fltol       		CODE           	02BD	0000	117

C:\Program Files\Microchip\xc8\v2.35\pic\sources\c99\common\fltol.c estimated size: 117

mcc_generated_files/adc.c
		_ADC_Initialize		CODE           	0ECD	0000	8
		_ADC_StartConversion		CODE           	0E44	0000	3

mcc_generated_files/adc.c estimated size: 11

shared
		__initialization		CODE           	07E9	0000	20
		_i2c1_fsmStateTable		STRCODE        	0800	0000	32

shared estimated size: 52

mcc_generated_files/mcc.c
		_WDT_Initialize		CODE           	0E6A	0000	4
		_OSCILLATOR_Initialize		CODE           	0EBE	0000	7
		_SYSTEM_Initialize		CODE           	0F3B	0000	16

mcc_generated_files/mcc.c estimated size: 27

C:\Program Files\Microchip\xc8\v2.35\pic\sources\c99\common\xxtofl.c
		___xxtofl      		CODE           	03BB	0000	172

C:\Program Files\Microchip\xc8\v2.35\pic\sources\c99\common\xxtofl.c estimated size: 172

main.c
		_main          		CODE           	0467	0000	299

main.c estimated size: 299

C:\Program Files\Microchip\xc8\v2.35\pic\sources\c99\common\awmod.c
		___awmod       		CODE           	01B6	0000	83

C:\Program Files\Microchip\xc8\v2.35\pic\sources\c99\common\awmod.c estimated size: 83

